14:41:35 **** Incremental Build of configuration Debug for project final project ****
make -j8 all 
arm-none-eabi-gcc "../Core/Src/main.c" -mcpu=cortex-m4 -std=gnu11 -g3 -DDEBUG -DUSE_HAL_DRIVER -DSTM32F411xE -c -I../Core/Inc -I../Drivers/STM32F4xx_HAL_Driver/Inc -I../Drivers/STM32F4xx_HAL_Driver/Inc/Legacy -I../Drivers/CMSIS/Device/ST/STM32F4xx/Include -I../Drivers/CMSIS/Include -O0 -ffunction-sections -fdata-sections -Wall -u_printf_float -fstack-usage -fcyclomatic-complexity -MMD -MP -MF"Core/Src/main.d" -MT"Core/Src/main.o" --specs=nano.specs -mfpu=fpv4-sp-d16 -mfloat-abi=hard -mthumb -o "Core/Src/main.o"
../Core/Src/main.c: In function 'main':
../Core/Src/main.c:111:27: warning: implicit declaration of function 'sprintf' [-Wimplicit-function-declaration]
  111 |                           sprintf(startTimeStr, "Start Time: %lu ms\n\r", startTime);
      |                           ^~~~~~~
../Core/Src/main.c:21:1: note: include '<stdio.h>' or provide a declaration of 'sprintf'
   20 | #include "main.h"
  +++ |+#include <stdio.h>
   21 | 
../Core/Src/main.c:111:27: warning: incompatible implicit declaration of built-in function 'sprintf' [-Wbuiltin-declaration-mismatch]
  111 |                           sprintf(startTimeStr, "Start Time: %lu ms\n\r", startTime);
      |                           ^~~~~~~
../Core/Src/main.c:111:27: note: include '<stdio.h>' or provide a declaration of 'sprintf'
../Core/Src/main.c:112:67: warning: implicit declaration of function 'strlen' [-Wimplicit-function-declaration]
  112 |                           HAL_UART_Transmit(&huart2,startTimeStr, strlen(startTimeStr), HAL_MAX_DELAY);
      |                                                                   ^~~~~~
../Core/Src/main.c:21:1: note: include '<string.h>' or provide a declaration of 'strlen'
   20 | #include "main.h"
  +++ |+#include <string.h>
   21 | 
../Core/Src/main.c:112:67: warning: incompatible implicit declaration of built-in function 'strlen' [-Wbuiltin-declaration-mismatch]
  112 |                           HAL_UART_Transmit(&huart2,startTimeStr, strlen(startTimeStr), HAL_MAX_DELAY);
      |                                                                   ^~~~~~
../Core/Src/main.c:112:67: note: include '<string.h>' or provide a declaration of 'strlen'
../Core/Src/main.c:112:53: warning: pointer targets in passing argument 2 of 'HAL_UART_Transmit' differ in signedness [-Wpointer-sign]
  112 |                           HAL_UART_Transmit(&huart2,startTimeStr, strlen(startTimeStr), HAL_MAX_DELAY);
      |                                                     ^~~~~~~~~~~~
      |                                                     |
      |                                                     char *
In file included from ../Core/Inc/stm32f4xx_hal_conf.h:411,
                 from ../Drivers/STM32F4xx_HAL_Driver/Inc/stm32f4xx_hal.h:29,
                 from ../Core/Inc/main.h:30,
                 from ../Core/Src/main.c:20:
../Drivers/STM32F4xx_HAL_Driver/Inc/stm32f4xx_hal_uart.h:745:79: note: expected 'const uint8_t *' {aka 'const unsigned char *'} but argument is of type 'char *'
  745 | HAL_StatusTypeDef HAL_UART_Transmit(UART_HandleTypeDef *huart, const uint8_t *pData, uint16_t Size, uint32_t Timeout);
      |                                                                ~~~~~~~~~~~~~~~^~~~~
../Core/Src/main.c:120:27: warning: incompatible implicit declaration of built-in function 'sprintf' [-Wbuiltin-declaration-mismatch]
  120 |                           sprintf(startTimeStr2, "Start Time 2: %lu ms\n\r", startTime2);
      |                           ^~~~~~~
../Core/Src/main.c:120:27: note: include '<stdio.h>' or provide a declaration of 'sprintf'
../Core/Src/main.c:121:68: warning: incompatible implicit declaration of built-in function 'strlen' [-Wbuiltin-declaration-mismatch]
  121 |                           HAL_UART_Transmit(&huart2,startTimeStr2, strlen(startTimeStr2), HAL_MAX_DELAY);
      |                                                                    ^~~~~~
../Core/Src/main.c:121:68: note: include '<string.h>' or provide a declaration of 'strlen'
../Core/Src/main.c:121:53: warning: pointer targets in passing argument 2 of 'HAL_UART_Transmit' differ in signedness [-Wpointer-sign]
  121 |                           HAL_UART_Transmit(&huart2,startTimeStr2, strlen(startTimeStr2), HAL_MAX_DELAY);
      |                                                     ^~~~~~~~~~~~~
      |                                                     |
      |                                                     char *
In file included from ../Core/Inc/stm32f4xx_hal_conf.h:411,
                 from ../Drivers/STM32F4xx_HAL_Driver/Inc/stm32f4xx_hal.h:29,
                 from ../Core/Inc/main.h:30,
                 from ../Core/Src/main.c:20:
../Drivers/STM32F4xx_HAL_Driver/Inc/stm32f4xx_hal_uart.h:745:79: note: expected 'const uint8_t *' {aka 'const unsigned char *'} but argument is of type 'char *'
  745 | HAL_StatusTypeDef HAL_UART_Transmit(UART_HandleTypeDef *huart, const uint8_t *pData, uint16_t Size, uint32_t Timeout);
      |                                                                ~~~~~~~~~~~~~~~^~~~~
../Core/Src/main.c:130:27: warning: incompatible implicit declaration of built-in function 'sprintf' [-Wbuiltin-declaration-mismatch]
  130 |                           sprintf(endTimeStr, "End Time: %lu ms\n\r", endTime);
      |                           ^~~~~~~
../Core/Src/main.c:130:27: note: include '<stdio.h>' or provide a declaration of 'sprintf'
../Core/Src/main.c:131:65: warning: incompatible implicit declaration of built-in function 'strlen' [-Wbuiltin-declaration-mismatch]
  131 |                           HAL_UART_Transmit(&huart2,endTimeStr, strlen(endTimeStr), HAL_MAX_DELAY);
      |                                                                 ^~~~~~
../Core/Src/main.c:131:65: note: include '<string.h>' or provide a declaration of 'strlen'
../Core/Src/main.c:131:53: warning: pointer targets in passing argument 2 of 'HAL_UART_Transmit' differ in signedness [-Wpointer-sign]
  131 |                           HAL_UART_Transmit(&huart2,endTimeStr, strlen(endTimeStr), HAL_MAX_DELAY);
      |                                                     ^~~~~~~~~~
      |                                                     |
      |                                                     char *
In file included from ../Core/Inc/stm32f4xx_hal_conf.h:411,
                 from ../Drivers/STM32F4xx_HAL_Driver/Inc/stm32f4xx_hal.h:29,
                 from ../Core/Inc/main.h:30,
                 from ../Core/Src/main.c:20:
../Drivers/STM32F4xx_HAL_Driver/Inc/stm32f4xx_hal_uart.h:745:79: note: expected 'const uint8_t *' {aka 'const unsigned char *'} but argument is of type 'char *'
  745 | HAL_StatusTypeDef HAL_UART_Transmit(UART_HandleTypeDef *huart, const uint8_t *pData, uint16_t Size, uint32_t Timeout);
      |                                                                ~~~~~~~~~~~~~~~^~~~~
../Core/Src/main.c:139:35: warning: incompatible implicit declaration of built-in function 'sprintf' [-Wbuiltin-declaration-mismatch]
  139 |                                   sprintf(endTimeStr2, "End Time 2: %lu ms\n\r", endTime2);
      |                                   ^~~~~~~
../Core/Src/main.c:139:35: note: include '<stdio.h>' or provide a declaration of 'sprintf'
../Core/Src/main.c:140:74: warning: incompatible implicit declaration of built-in function 'strlen' [-Wbuiltin-declaration-mismatch]
  140 |                                   HAL_UART_Transmit(&huart2,endTimeStr2, strlen(endTimeStr2), HAL_MAX_DELAY);
      |                                                                          ^~~~~~
../Core/Src/main.c:140:74: note: include '<string.h>' or provide a declaration of 'strlen'
../Core/Src/main.c:140:61: warning: pointer targets in passing argument 2 of 'HAL_UART_Transmit' differ in signedness [-Wpointer-sign]
  140 |                                   HAL_UART_Transmit(&huart2,endTimeStr2, strlen(endTimeStr2), HAL_MAX_DELAY);
      |                                                             ^~~~~~~~~~~
      |                                                             |
      |                                                             char *
In file included from ../Core/Inc/stm32f4xx_hal_conf.h:411,
                 from ../Drivers/STM32F4xx_HAL_Driver/Inc/stm32f4xx_hal.h:29,
                 from ../Core/Inc/main.h:30,
                 from ../Core/Src/main.c:20:
../Drivers/STM32F4xx_HAL_Driver/Inc/stm32f4xx_hal_uart.h:745:79: note: expected 'const uint8_t *' {aka 'const unsigned char *'} but argument is of type 'char *'
  745 | HAL_StatusTypeDef HAL_UART_Transmit(UART_HandleTypeDef *huart, const uint8_t *pData, uint16_t Size, uint32_t Timeout);
      |                                                                ~~~~~~~~~~~~~~~^~~~~
../Core/Src/main.c:148:61: warning: pointer targets in passing argument 2 of 'HAL_UART_Transmit' differ in signedness [-Wpointer-sign]
  148 |                                   HAL_UART_Transmit(&huart2,totalTimeStr, strlen(totalTimeStr), HAL_MAX_DELAY);
      |                                                             ^~~~~~~~~~~~
      |                                                             |
      |                                                             char *
In file included from ../Core/Inc/stm32f4xx_hal_conf.h:411,
                 from ../Drivers/STM32F4xx_HAL_Driver/Inc/stm32f4xx_hal.h:29,
                 from ../Core/Inc/main.h:30,
                 from ../Core/Src/main.c:20:
../Drivers/STM32F4xx_HAL_Driver/Inc/stm32f4xx_hal_uart.h:745:79: note: expected 'const uint8_t *' {aka 'const unsigned char *'} but argument is of type 'char *'
  745 | HAL_StatusTypeDef HAL_UART_Transmit(UART_HandleTypeDef *huart, const uint8_t *pData, uint16_t Size, uint32_t Timeout);
      |                                                                ~~~~~~~~~~~~~~~^~~~~
../Core/Src/main.c:154:61: warning: pointer targets in passing argument 2 of 'HAL_UART_Transmit' differ in signedness [-Wpointer-sign]
  154 |                                   HAL_UART_Transmit(&huart2,velStr, strlen(velStr), HAL_MAX_DELAY);
      |                                                             ^~~~~~
      |                                                             |
      |                                                             char *
In file included from ../Core/Inc/stm32f4xx_hal_conf.h:411,
                 from ../Drivers/STM32F4xx_HAL_Driver/Inc/stm32f4xx_hal.h:29,
                 from ../Core/Inc/main.h:30,
                 from ../Core/Src/main.c:20:
../Drivers/STM32F4xx_HAL_Driver/Inc/stm32f4xx_hal_uart.h:745:79: note: expected 'const uint8_t *' {aka 'const unsigned char *'} but argument is of type 'char *'
  745 | HAL_StatusTypeDef HAL_UART_Transmit(UART_HandleTypeDef *huart, const uint8_t *pData, uint16_t Size, uint32_t Timeout);
      |                                                                ~~~~~~~~~~~~~~~^~~~~
../Core/Src/main.c:163:61: warning: pointer targets in passing argument 2 of 'HAL_UART_Transmit' differ in signedness [-Wpointer-sign]
  163 |                                   HAL_UART_Transmit(&huart2,cl, strlen(cl), HAL_MAX_DELAY);
      |                                                             ^~
      |                                                             |
      |                                                             char *
In file included from ../Core/Inc/stm32f4xx_hal_conf.h:411,
                 from ../Drivers/STM32F4xx_HAL_Driver/Inc/stm32f4xx_hal.h:29,
                 from ../Core/Inc/main.h:30,
                 from ../Core/Src/main.c:20:
../Drivers/STM32F4xx_HAL_Driver/Inc/stm32f4xx_hal_uart.h:745:79: note: expected 'const uint8_t *' {aka 'const unsigned char *'} but argument is of type 'char *'
  745 | HAL_StatusTypeDef HAL_UART_Transmit(UART_HandleTypeDef *huart, const uint8_t *pData, uint16_t Size, uint32_t Timeout);
      |                                                                ~~~~~~~~~~~~~~~^~~~~
../Core/Src/main.c:165:61: warning: pointer targets in passing argument 2 of 'HAL_UART_Transmit' differ in signedness [-Wpointer-sign]
  165 |                                   HAL_UART_Transmit(&huart2,"\r\n", 4, HAL_MAX_DELAY);
      |                                                             ^~~~~~
      |                                                             |
      |                                                             char *
In file included from ../Core/Inc/stm32f4xx_hal_conf.h:411,
                 from ../Drivers/STM32F4xx_HAL_Driver/Inc/stm32f4xx_hal.h:29,
                 from ../Core/Inc/main.h:30,
                 from ../Core/Src/main.c:20:
../Drivers/STM32F4xx_HAL_Driver/Inc/stm32f4xx_hal_uart.h:745:79: note: expected 'const uint8_t *' {aka 'const unsigned char *'} but argument is of type 'char *'
  745 | HAL_StatusTypeDef HAL_UART_Transmit(UART_HandleTypeDef *huart, const uint8_t *pData, uint16_t Size, uint32_t Timeout);
      |                                                                ~~~~~~~~~~~~~~~^~~~~
../Core/Src/main.c:168:61: warning: pointer targets in passing argument 2 of 'HAL_UART_Transmit' differ in signedness [-Wpointer-sign]
  168 |                                   HAL_UART_Transmit(&huart1,vels,strlen(vels),HAL_MAX_DELAY);
      |                                                             ^~~~
      |                                                             |
      |                                                             char *
In file included from ../Core/Inc/stm32f4xx_hal_conf.h:411,
                 from ../Drivers/STM32F4xx_HAL_Driver/Inc/stm32f4xx_hal.h:29,
                 from ../Core/Inc/main.h:30,
                 from ../Core/Src/main.c:20:
../Drivers/STM32F4xx_HAL_Driver/Inc/stm32f4xx_hal_uart.h:745:79: note: expected 'const uint8_t *' {aka 'const unsigned char *'} but argument is of type 'char *'
  745 | HAL_StatusTypeDef HAL_UART_Transmit(UART_HandleTypeDef *huart, const uint8_t *pData, uint16_t Size, uint32_t Timeout);
      |                                                                ~~~~~~~~~~~~~~~^~~~~
../Core/Src/main.c:169:61: warning: pointer targets in passing argument 2 of 'HAL_UART_Transmit' differ in signedness [-Wpointer-sign]
  169 |                                   HAL_UART_Transmit(&huart1,"5555x",5,HAL_MAX_DELAY);
      |                                                             ^~~~~~~
      |                                                             |
      |                                                             char *
In file included from ../Core/Inc/stm32f4xx_hal_conf.h:411,
                 from ../Drivers/STM32F4xx_HAL_Driver/Inc/stm32f4xx_hal.h:29,
                 from ../Core/Inc/main.h:30,
                 from ../Core/Src/main.c:20:
../Drivers/STM32F4xx_HAL_Driver/Inc/stm32f4xx_hal_uart.h:745:79: note: expected 'const uint8_t *' {aka 'const unsigned char *'} but argument is of type 'char *'
  745 | HAL_StatusTypeDef HAL_UART_Transmit(UART_HandleTypeDef *huart, const uint8_t *pData, uint16_t Size, uint32_t Timeout);
      |                                                                ~~~~~~~~~~~~~~~^~~~~
../Core/Src/main.c:120:75: warning: 'sprintf' writing a terminating nul past the end of the destination [-Wformat-overflow=]
  120 |                           sprintf(startTimeStr2, "Start Time 2: %lu ms\n\r", startTime2);
      |                                                                           ^
../Core/Src/main.c:120:27: note: 'sprintf' output between 21 and 30 bytes into a destination of size 20
  120 |                           sprintf(startTimeStr2, "Start Time 2: %lu ms\n\r", startTime2);
      |                           ^~~~~~~~~~~~~~~~~~~~~~~~~~~~~~~~~~~~~~~~~~~~~~~~~~~~~~~~~~~~~~
../Core/Src/main.c:153:66: warning: ' m/s

' directive writing 6 bytes into a region of size between 0 and 7 [-Wformat-overflow=]
  153 |                                   sprintf(velStr, "Velocity: %.3f m/s\n\r", vel);
      |                                                                  ^~~~~~~~
../Core/Src/main.c:153:35: note: 'sprintf' output between 20 and 331 bytes into a destination of size 20
  153 |                                   sprintf(velStr, "Velocity: %.3f m/s\n\r", vel);
      |                                   ^~~~~~~~~~~~~~~~~~~~~~~~~~~~~~~~~~~~~~~~~~~~~~
../Core/Src/main.c:162:64: warning: ' m

' directive writing 4 bytes into a region of size between 0 and 5 [-Wformat-overflow=]
  162 |                                   sprintf(cl, "Car Length: %.3f m\n\r", carlength);
      |                                                                ^~~~~~
../Core/Src/main.c:162:35: note: 'sprintf' output between 20 and 331 bytes into a destination of size 20
  162 |                                   sprintf(cl, "Car Length: %.3f m\n\r", carlength);
      |                                   ^~~~~~~~~~~~~~~~~~~~~~~~~~~~~~~~~~~~~~~~~~~~~~~~
arm-none-eabi-gcc -o "final project.elf" @"objects.list"   -mcpu=cortex-m4 -T"C:\Users\ADMINSTRATOR\Desktop\embeded lab final\embeded-lab-final\embed-lab-stm32\final project\STM32F411RETX_FLASH.ld" --specs=nosys.specs -Wl,-Map="final project.map" -Wl,--gc-sections -static --specs=nano.specs -mfpu=fpv4-sp-d16 -mfloat-abi=hard -mthumb -u _printf_float -Wl,--start-group -lc -lm -Wl,--end-group
Finished building target: final project.elf
 
arm-none-eabi-size  final\ project.elf 
arm-none-eabi-objdump -h -S final\ project.elf  > "final project.list"
   text	   data	    bss	    dec	    hex	filename
  27492	    476	   2052	  30020	   7544	final project.elf
Finished building: default.size.stdout
 
Finished building: final project.list
 

14:41:36 Build Finished. 0 errors, 23 warnings. (took 1s.212ms)

